
Discarded input sections

 .group         0x0000000000000000        0x8 gdt.o
 .comment       0x0000000000000000       0x2a gdt.o
 .group         0x0000000000000000        0xc driver.o
 .group         0x0000000000000000        0x8 driver.o
 .text.__x86.get_pc_thunk.ax
                0x0000000000000000        0x4 driver.o
 .comment       0x0000000000000000       0x2a driver.o
 .group         0x0000000000000000        0xc port.o
 .group         0x0000000000000000        0xc port.o
 .group         0x0000000000000000        0xc port.o
 .group         0x0000000000000000        0xc port.o
 .group         0x0000000000000000        0x8 port.o
 .group         0x0000000000000000        0x8 port.o
 .text.__x86.get_pc_thunk.ax
                0x0000000000000000        0x4 port.o
 .comment       0x0000000000000000       0x2a port.o
 .group         0x0000000000000000        0xc interrupts.o
 .group         0x0000000000000000        0x8 interrupts.o
 .group         0x0000000000000000        0x8 interrupts.o
 .text.__x86.get_pc_thunk.ax
                0x0000000000000000        0x4 interrupts.o
 .text.__x86.get_pc_thunk.bx
                0x0000000000000000        0x4 interrupts.o
 .comment       0x0000000000000000       0x2a interrupts.o
 .group         0x0000000000000000        0xc keyboard.o
 .group         0x0000000000000000        0xc keyboard.o
 .group         0x0000000000000000        0x8 keyboard.o
 .group         0x0000000000000000        0x8 keyboard.o
 .text.__x86.get_pc_thunk.ax
                0x0000000000000000        0x4 keyboard.o
 .text.__x86.get_pc_thunk.bx
                0x0000000000000000        0x4 keyboard.o
 .comment       0x0000000000000000       0x2a keyboard.o
 .group         0x0000000000000000        0xc mouse.o
 .group         0x0000000000000000        0xc mouse.o
 .group         0x0000000000000000        0x8 mouse.o
 .group         0x0000000000000000        0x8 mouse.o
 .text.__x86.get_pc_thunk.ax
                0x0000000000000000        0x4 mouse.o
 .text.__x86.get_pc_thunk.bx
                0x0000000000000000        0x4 mouse.o
 .comment       0x0000000000000000       0x2a mouse.o
 .group         0x0000000000000000        0xc kernel.o
 .group         0x0000000000000000        0xc kernel.o
 .group         0x0000000000000000        0x8 kernel.o
 .group         0x0000000000000000        0xc kernel.o
 .group         0x0000000000000000        0xc kernel.o
 .group         0x0000000000000000        0xc kernel.o
 .group         0x0000000000000000        0xc kernel.o
 .group         0x0000000000000000        0x8 kernel.o
 .group         0x0000000000000000        0x8 kernel.o
 .text.__x86.get_pc_thunk.ax
                0x0000000000000000        0x4 kernel.o
 .text.__x86.get_pc_thunk.bx
                0x0000000000000000        0x4 kernel.o
 .comment       0x0000000000000000       0x2a kernel.o

Memory Configuration

Name             Origin             Length             Attributes
*default*        0x0000000000000000 0xffffffffffffffff

Linker script and memory map

                0x0000000000100000                . = 0x100000

.text           0x0000000000100000     0x207f
 *(.multiboot)
 .multiboot     0x0000000000100000        0xc loader.o
 *(.text*)
 .text          0x000000000010000c       0x15 loader.o
                0x000000000010000c                loader
 *fill*         0x0000000000100021        0x1 
 .text          0x0000000000100022      0x292 gdt.o
                0x0000000000100022                GlobalDescriptorTable::GlobalDescriptorTable()
                0x0000000000100022                GlobalDescriptorTable::GlobalDescriptorTable()
                0x00000000001000a8                GlobalDescriptorTable::~GlobalDescriptorTable()
                0x00000000001000a8                GlobalDescriptorTable::~GlobalDescriptorTable()
                0x00000000001000b8                GlobalDescriptorTable::DataSegmentSelector()
                0x00000000001000cc                GlobalDescriptorTable::CodeSegmentSelector()
                0x00000000001000e0                GlobalDescriptorTable::SegmentDescriptor::SegmentDescriptor(unsigned int, unsigned int, unsigned char)
                0x00000000001000e0                GlobalDescriptorTable::SegmentDescriptor::SegmentDescriptor(unsigned int, unsigned int, unsigned char)
                0x00000000001001bc                GlobalDescriptorTable::SegmentDescriptor::Base()
                0x0000000000100232                GlobalDescriptorTable::SegmentDescriptor::Limit()
 .text.__x86.get_pc_thunk.ax
                0x00000000001002b4        0x4 gdt.o
                0x00000000001002b4                __x86.get_pc_thunk.ax
 .text          0x00000000001002b8      0x10f driver.o
                0x00000000001002b8                Driver::Driver()
                0x00000000001002b8                Driver::Driver()
                0x00000000001002d4                Driver::~Driver()
                0x00000000001002d4                Driver::~Driver()
                0x00000000001002f0                Driver::Activate()
                0x0000000000100300                Driver::Reset()
                0x0000000000100314                Driver::Deactivate()
                0x0000000000100324                DriverManager::DriverManager()
                0x0000000000100324                DriverManager::DriverManager()
                0x0000000000100342                DriverManager::AddDriver(Driver*)
                0x000000000010037a                DriverManager::ActivateAll()
 *fill*         0x00000000001003c7        0x1 
 .text          0x00000000001003c8      0x2fe port.o
                0x00000000001003c8                Port::Port(unsigned short)
                0x00000000001003c8                Port::Port(unsigned short)
                0x00000000001003ec                Port::~Port()
                0x00000000001003ec                Port::~Port()
                0x00000000001003fc                Port8bit::Port8bit(unsigned short)
                0x00000000001003fc                Port8bit::Port8bit(unsigned short)
                0x0000000000100446                Port8bit::~Port8bit()
                0x0000000000100446                Port8bit::~Port8bit()
                0x0000000000100470                Port8bit::Write(unsigned char)
                0x0000000000100496                Port8bit::Read()
                0x00000000001004ba                Port8bitSlow::Port8bitSlow(unsigned short)
                0x00000000001004ba                Port8bitSlow::Port8bitSlow(unsigned short)
                0x0000000000100500                Port8bitSlow::~Port8bitSlow()
                0x0000000000100500                Port8bitSlow::~Port8bitSlow()
                0x0000000000100528                Port8bitSlow::Write(unsigned char)
                0x0000000000100552                Port16bit::Port16bit(unsigned short)
                0x0000000000100552                Port16bit::Port16bit(unsigned short)
                0x000000000010059c                Port16bit::~Port16bit()
                0x000000000010059c                Port16bit::~Port16bit()
                0x00000000001005c6                Port16bit::Write(unsigned short)
                0x00000000001005ee                Port16bit::Read()
                0x0000000000100614                Port32bit::Port32bit(unsigned short)
                0x0000000000100614                Port32bit::Port32bit(unsigned short)
                0x000000000010065e                Port32bit::~Port32bit()
                0x000000000010065e                Port32bit::~Port32bit()
                0x0000000000100688                Port32bit::Write(unsigned int)
                0x00000000001006a4                Port32bit::Read()
 .text.__x86.get_pc_thunk.bx
                0x00000000001006c6        0x4 port.o
                0x00000000001006c6                __x86.get_pc_thunk.bx
 .text          0x00000000001006ca       0x38 interruptstubs.o
                0x00000000001006ca                InterruptManager::HandleInterruptRequest0x00()
                0x00000000001006d3                InterruptManager::HandleInterruptRequest0x01()
                0x00000000001006dc                InterruptManager::HandleInterruptRequest0x0c()
                0x0000000000100701                InterruptManager::IgnoreInterruptRequest()
 .text          0x0000000000100702      0x52d interrupts.o
                0x0000000000100702                InterruptHandler::InterruptHandler(unsigned char, InterruptManager*)
                0x0000000000100702                InterruptHandler::InterruptHandler(unsigned char, InterruptManager*)
                0x0000000000100746                InterruptHandler::~InterruptHandler()
                0x0000000000100746                InterruptHandler::~InterruptHandler()
                0x0000000000100790                InterruptHandler::HandleInterrupt(unsigned int)
                0x00000000001007a2                InterruptManager::SetInterruptDescriptorTableEntry(unsigned char, unsigned short, void (*)(), unsigned char, unsigned char)
                0x000000000010083c                InterruptManager::InterruptManager(GlobalDescriptorTable*)
                0x000000000010083c                InterruptManager::InterruptManager(GlobalDescriptorTable*)
                0x0000000000100a64                InterruptManager::~InterruptManager()
                0x0000000000100a64                InterruptManager::~InterruptManager()
                0x0000000000100acc                InterruptManager::Activate()
                0x0000000000100b0a                InterruptManager::Deactivate()
                0x0000000000100b30                InterruptManager::handleInterrupt(unsigned char, unsigned int)
                0x0000000000100b72                InterruptManager::DoHandleInterrupt(unsigned char, unsigned int)
 *fill*         0x0000000000100c2f        0x1 
 .text          0x0000000000100c30      0x7c9 keyboard.o
                0x0000000000100c30                KeyboardEventHandler::KeyboardEventHandler()
                0x0000000000100c30                KeyboardEventHandler::KeyboardEventHandler()
                0x0000000000100c4c                KeyboardEventHandler::OnKeyDown(char)
                0x0000000000100c66                KeyboardEventHandler::OnKeyUp(char)
                0x0000000000100c80                KeyboardDriver::KeyboardDriver(InterruptManager*, KeyboardEventHandler*)
                0x0000000000100c80                KeyboardDriver::KeyboardDriver(InterruptManager*, KeyboardEventHandler*)
                0x0000000000100d06                KeyboardDriver::~KeyboardDriver()
                0x0000000000100d06                KeyboardDriver::~KeyboardDriver()
                0x0000000000100d7a                KeyboardDriver::Activate()
                0x0000000000100e4f                non-virtual thunk to KeyboardDriver::Activate()
                0x0000000000100e5a                KeyboardDriver::HandleInterrupt(unsigned int)
 *fill*         0x00000000001013f9        0x1 
 .text          0x00000000001013fa      0x3f9 mouse.o
                0x00000000001013fa                MouseEventHandler::MouseEventHandler()
                0x00000000001013fa                MouseEventHandler::MouseEventHandler()
                0x0000000000101416                MouseEventHandler::onActivate()
                0x0000000000101426                MouseEventHandler::OnMouseDown(unsigned char)
                0x0000000000101440                MouseEventHandler::OnMouseUp(unsigned char)
                0x000000000010145a                MouseEventHandler::OnMouseMove(int, int)
                0x000000000010146a                MouseDriver::MouseDriver(InterruptManager*, MouseEventHandler*)
                0x000000000010146a                MouseDriver::MouseDriver(InterruptManager*, MouseEventHandler*)
                0x00000000001014f0                MouseDriver::~MouseDriver()
                0x00000000001014f0                MouseDriver::~MouseDriver()
                0x0000000000101564                MouseDriver::Activate()
                0x0000000000101638                non-virtual thunk to MouseDriver::Activate()
                0x0000000000101642                MouseDriver::HandleInterrupt(unsigned int)
 .text          0x00000000001017f3      0x3d7 kernel.o
                0x00000000001017f3                printf(char*)
                0x00000000001019e6                printfHex(unsigned char)
                0x0000000000101a4c                callConstructors
                0x0000000000101a86                kernelMain
 .text._ZN25PrintfKeybardEventHandler9OnKeyDownEc
                0x0000000000101bca       0x36 kernel.o
                0x0000000000101bca                PrintfKeybardEventHandler::OnKeyDown(char)
 .text._ZN14MouseToConsoleC2Ev
                0x0000000000101c00       0x82 kernel.o
                0x0000000000101c00                MouseToConsole::MouseToConsole()
                0x0000000000101c00                MouseToConsole::MouseToConsole()
 .text._ZN14MouseToConsole11OnMouseMoveEii
                0x0000000000101c82      0x246 kernel.o
                0x0000000000101c82                MouseToConsole::OnMouseMove(int, int)
 .text._ZN25PrintfKeybardEventHandlerC2Ev
                0x0000000000101ec8       0x32 kernel.o
                0x0000000000101ec8                PrintfKeybardEventHandler::PrintfKeybardEventHandler()
                0x0000000000101ec8                PrintfKeybardEventHandler::PrintfKeybardEventHandler()
 *(.rodata)
 .rodata        0x0000000000101efa       0x17 interrupts.o
 *fill*         0x0000000000101f11        0x3 
 .rodata        0x0000000000101f14       0xf4 keyboard.o
 .rodata        0x0000000000102008       0x77 kernel.o

.eh_frame       0x0000000000102080      0x91c
 .eh_frame      0x0000000000102080      0x10c gdt.o
 .eh_frame      0x000000000010218c      0x100 driver.o
                                        0x12c (size before relaxing)
 .eh_frame      0x000000000010228c      0x244 port.o
                                        0x270 (size before relaxing)
 .eh_frame      0x00000000001024d0      0x15c interrupts.o
                                        0x19c (size before relaxing)
 .eh_frame      0x000000000010262c      0x104 keyboard.o
                                        0x144 (size before relaxing)
 .eh_frame      0x0000000000102730      0x14c mouse.o
                                        0x18c (size before relaxing)
 .eh_frame      0x000000000010287c      0x120 kernel.o
                                        0x160 (size before relaxing)

.iplt           0x00000000001029a0        0x0
 .iplt          0x00000000001029a0        0x0 loader.o

.rel.dyn        0x000000000010299c        0x0
 .rel.got       0x000000000010299c        0x0 loader.o
 .rel.iplt      0x000000000010299c        0x0 loader.o
 .rel.text      0x000000000010299c        0x0 loader.o
 .rel.data.rel.ro._ZTV14MouseToConsole
                0x000000000010299c        0x0 loader.o
 .rel.data.rel.ro._ZTV25PrintfKeybardEventHandler
                0x000000000010299c        0x0 loader.o

.data           0x000000000010299c        0x8
                0x000000000010299c                start_ctors = .
 *(.init_array)
 *(SORT_BY_INIT_PRIORITY(.init_array.*))
                0x000000000010299c                end_ctors = .
 *(.data)
 .data          0x000000000010299c        0x0 loader.o
 .data          0x000000000010299c        0x0 gdt.o
 .data          0x000000000010299c        0x0 driver.o
 .data          0x000000000010299c        0x0 port.o
 .data          0x000000000010299c        0x1 interruptstubs.o
 .data          0x000000000010299d        0x0 interrupts.o
 .data          0x000000000010299d        0x0 keyboard.o
 .data          0x000000000010299d        0x0 mouse.o
 *fill*         0x000000000010299d        0x3 
 .data          0x00000000001029a0        0x4 kernel.o

.got            0x00000000001029a4        0x0
 .got           0x00000000001029a4        0x0 loader.o

.got.plt        0x00000000001029a4        0xc
 .got.plt       0x00000000001029a4        0xc loader.o
                0x00000000001029a4                _GLOBAL_OFFSET_TABLE_

.igot.plt       0x00000000001029b0        0x0
 .igot.plt      0x00000000001029b0        0x0 loader.o

.data.rel.ro.local._ZTV6Driver
                0x00000000001029b0       0x14
 .data.rel.ro.local._ZTV6Driver
                0x00000000001029b0       0x14 driver.o
                0x00000000001029b0                vtable for Driver

.data.rel.ro.local._ZTV9Port32bit
                0x00000000001029c4       0x10
 .data.rel.ro.local._ZTV9Port32bit
                0x00000000001029c4       0x10 port.o
                0x00000000001029c4                vtable for Port32bit

.data.rel.ro.local._ZTV9Port16bit
                0x00000000001029d4       0x10
 .data.rel.ro.local._ZTV9Port16bit
                0x00000000001029d4       0x10 port.o
                0x00000000001029d4                vtable for Port16bit

.data.rel.ro.local._ZTV12Port8bitSlow
                0x00000000001029e4       0x10
 .data.rel.ro.local._ZTV12Port8bitSlow
                0x00000000001029e4       0x10 port.o
                0x00000000001029e4                vtable for Port8bitSlow

.data.rel.ro.local._ZTV8Port8bit
                0x00000000001029f4       0x10
 .data.rel.ro.local._ZTV8Port8bit
                0x00000000001029f4       0x10 port.o
                0x00000000001029f4                vtable for Port8bit

.data.rel.ro.local._ZTV16InterruptHandler
                0x0000000000102a04        0xc
 .data.rel.ro.local._ZTV16InterruptHandler
                0x0000000000102a04        0xc interrupts.o
                0x0000000000102a04                vtable for InterruptHandler

.data.rel.ro._ZTV14KeyboardDriver
                0x0000000000102a10       0x24
 .data.rel.ro._ZTV14KeyboardDriver
                0x0000000000102a10       0x24 keyboard.o
                0x0000000000102a10                vtable for KeyboardDriver

.data.rel.ro.local._ZTV20KeyboardEventHandler
                0x0000000000102a34       0x10
 .data.rel.ro.local._ZTV20KeyboardEventHandler
                0x0000000000102a34       0x10 keyboard.o
                0x0000000000102a34                vtable for KeyboardEventHandler

.data.rel.ro._ZTV11MouseDriver
                0x0000000000102a44       0x24
 .data.rel.ro._ZTV11MouseDriver
                0x0000000000102a44       0x24 mouse.o
                0x0000000000102a44                vtable for MouseDriver

.data.rel.ro.local._ZTV17MouseEventHandler
                0x0000000000102a68       0x18
 .data.rel.ro.local._ZTV17MouseEventHandler
                0x0000000000102a68       0x18 mouse.o
                0x0000000000102a68                vtable for MouseEventHandler

.data._ZZN14MouseToConsole11OnMouseMoveEiiE11VideoMemory
                0x0000000000102a80        0x4
 .data._ZZN14MouseToConsole11OnMouseMoveEiiE11VideoMemory
                0x0000000000102a80        0x4 kernel.o
                0x0000000000102a80                MouseToConsole::OnMouseMove(int, int)::VideoMemory

.data.rel.ro._ZTV14MouseToConsole
                0x0000000000102a84       0x18
 .data.rel.ro._ZTV14MouseToConsole
                0x0000000000102a84       0x18 kernel.o
                0x0000000000102a84                vtable for MouseToConsole

.data.rel.ro._ZTV25PrintfKeybardEventHandler
                0x0000000000102a9c       0x10
 .data.rel.ro._ZTV25PrintfKeybardEventHandler
                0x0000000000102a9c       0x10 kernel.o
                0x0000000000102a9c                vtable for PrintfKeybardEventHandler

.bss            0x0000000000102ac0   0x200806
 *(.bss)
 .bss           0x0000000000102ac0   0x200000 loader.o
 .bss           0x0000000000302ac0        0x0 gdt.o
 .bss           0x0000000000302ac0        0x0 driver.o
 .bss           0x0000000000302ac0        0x0 port.o
 .bss           0x0000000000302ac0        0x0 interruptstubs.o
 .bss           0x0000000000302ac0      0x804 interrupts.o
                0x0000000000302ac0                InterruptManager::interruptDescriptorTable
                0x00000000003032c0                InterruptManager::ActiveInterruptManager
 .bss           0x00000000003032c4        0x0 keyboard.o
 .bss           0x00000000003032c4        0x0 mouse.o
 .bss           0x00000000003032c4        0x2 kernel.o

/DISCARD/
 *(.fini_array*)
 *(.comment)
LOAD loader.o
LOAD gdt.o
LOAD driver.o
LOAD port.o
LOAD interruptstubs.o
LOAD interrupts.o
LOAD keyboard.o
LOAD mouse.o
LOAD kernel.o
OUTPUT(mykernel.bin elf32-i386)

.note.GNU-stack
                0x0000000000000000        0x0
 .note.GNU-stack
                0x0000000000000000        0x0 gdt.o
 .note.GNU-stack
                0x0000000000000000        0x0 driver.o
 .note.GNU-stack
                0x0000000000000000        0x0 port.o
 .note.GNU-stack
                0x0000000000000000        0x0 interrupts.o
 .note.GNU-stack
                0x0000000000000000        0x0 keyboard.o
 .note.GNU-stack
                0x0000000000000000        0x0 mouse.o
 .note.GNU-stack
                0x0000000000000000        0x0 kernel.o
