
Discarded input sections

 .group         0x0000000000000000        0x8 obj/gdt.o
 .comment       0x0000000000000000       0x2a obj/gdt.o
 .group         0x0000000000000000        0xc obj/drivers/driver.o
 .group         0x0000000000000000        0x8 obj/drivers/driver.o
 .text.__x86.get_pc_thunk.ax
                0x0000000000000000        0x4 obj/drivers/driver.o
 .comment       0x0000000000000000       0x2a obj/drivers/driver.o
 .group         0x0000000000000000        0xc obj/hardwarecommunication/port.o
 .group         0x0000000000000000        0xc obj/hardwarecommunication/port.o
 .group         0x0000000000000000        0xc obj/hardwarecommunication/port.o
 .group         0x0000000000000000        0xc obj/hardwarecommunication/port.o
 .group         0x0000000000000000        0x8 obj/hardwarecommunication/port.o
 .group         0x0000000000000000        0x8 obj/hardwarecommunication/port.o
 .text.__x86.get_pc_thunk.ax
                0x0000000000000000        0x4 obj/hardwarecommunication/port.o
 .comment       0x0000000000000000       0x2a obj/hardwarecommunication/port.o
 .group         0x0000000000000000        0xc obj/hardwarecommunication/interrupts.o
 .group         0x0000000000000000        0x8 obj/hardwarecommunication/interrupts.o
 .group         0x0000000000000000        0x8 obj/hardwarecommunication/interrupts.o
 .text.__x86.get_pc_thunk.ax
                0x0000000000000000        0x4 obj/hardwarecommunication/interrupts.o
 .text.__x86.get_pc_thunk.bx
                0x0000000000000000        0x4 obj/hardwarecommunication/interrupts.o
 .comment       0x0000000000000000       0x2a obj/hardwarecommunication/interrupts.o
 .group         0x0000000000000000        0x8 obj/multitasking.o
 .text.__x86.get_pc_thunk.ax
                0x0000000000000000        0x4 obj/multitasking.o
 .comment       0x0000000000000000       0x2a obj/multitasking.o
 .group         0x0000000000000000        0x8 obj/hardwarecommunication/pci.o
 .group         0x0000000000000000        0x8 obj/hardwarecommunication/pci.o
 .text.__x86.get_pc_thunk.ax
                0x0000000000000000        0x4 obj/hardwarecommunication/pci.o
 .text.__x86.get_pc_thunk.bx
                0x0000000000000000        0x4 obj/hardwarecommunication/pci.o
 .comment       0x0000000000000000       0x2a obj/hardwarecommunication/pci.o
 .group         0x0000000000000000        0xc obj/drivers/keyboard.o
 .group         0x0000000000000000        0xc obj/drivers/keyboard.o
 .group         0x0000000000000000        0x8 obj/drivers/keyboard.o
 .group         0x0000000000000000        0x8 obj/drivers/keyboard.o
 .text.__x86.get_pc_thunk.ax
                0x0000000000000000        0x4 obj/drivers/keyboard.o
 .text.__x86.get_pc_thunk.bx
                0x0000000000000000        0x4 obj/drivers/keyboard.o
 .comment       0x0000000000000000       0x2a obj/drivers/keyboard.o
 .group         0x0000000000000000        0xc obj/drivers/mouse.o
 .group         0x0000000000000000        0xc obj/drivers/mouse.o
 .group         0x0000000000000000        0x8 obj/drivers/mouse.o
 .group         0x0000000000000000        0x8 obj/drivers/mouse.o
 .text.__x86.get_pc_thunk.ax
                0x0000000000000000        0x4 obj/drivers/mouse.o
 .text.__x86.get_pc_thunk.bx
                0x0000000000000000        0x4 obj/drivers/mouse.o
 .comment       0x0000000000000000       0x2a obj/drivers/mouse.o
 .group         0x0000000000000000        0xc obj/drivers/vga.o
 .group         0x0000000000000000        0x8 obj/drivers/vga.o
 .group         0x0000000000000000        0x8 obj/drivers/vga.o
 .text.__x86.get_pc_thunk.ax
                0x0000000000000000        0x4 obj/drivers/vga.o
 .text.__x86.get_pc_thunk.bx
                0x0000000000000000        0x4 obj/drivers/vga.o
 .comment       0x0000000000000000       0x2a obj/drivers/vga.o
 .group         0x0000000000000000        0xc obj/gui/widget.o
 .group         0x0000000000000000        0xc obj/gui/widget.o
 .group         0x0000000000000000        0x8 obj/gui/widget.o
 .group         0x0000000000000000        0x8 obj/gui/widget.o
 .text.__x86.get_pc_thunk.ax
                0x0000000000000000        0x4 obj/gui/widget.o
 .text.__x86.get_pc_thunk.bx
                0x0000000000000000        0x4 obj/gui/widget.o
 .comment       0x0000000000000000       0x2a obj/gui/widget.o
 .group         0x0000000000000000        0xc obj/gui/window.o
 .group         0x0000000000000000        0x8 obj/gui/window.o
 .group         0x0000000000000000        0x8 obj/gui/window.o
 .text.__x86.get_pc_thunk.ax
                0x0000000000000000        0x4 obj/gui/window.o
 .text.__x86.get_pc_thunk.bx
                0x0000000000000000        0x4 obj/gui/window.o
 .comment       0x0000000000000000       0x2a obj/gui/window.o
 .group         0x0000000000000000        0xc obj/gui/desktop.o
 .group         0x0000000000000000        0x8 obj/gui/desktop.o
 .group         0x0000000000000000        0x8 obj/gui/desktop.o
 .group         0x0000000000000000        0x8 obj/gui/desktop.o
 .text.__x86.get_pc_thunk.ax
                0x0000000000000000        0x4 obj/gui/desktop.o
 .text.__x86.get_pc_thunk.bx
                0x0000000000000000        0x4 obj/gui/desktop.o
 .comment       0x0000000000000000       0x2a obj/gui/desktop.o
 .group         0x0000000000000000        0xc obj/kernel.o
 .group         0x0000000000000000        0xc obj/kernel.o
 .group         0x0000000000000000        0x8 obj/kernel.o
 .group         0x0000000000000000        0xc obj/kernel.o
 .group         0x0000000000000000        0xc obj/kernel.o
 .group         0x0000000000000000        0xc obj/kernel.o
 .group         0x0000000000000000        0xc obj/kernel.o
 .group         0x0000000000000000        0x8 obj/kernel.o
 .group         0x0000000000000000        0x8 obj/kernel.o
 .text.__x86.get_pc_thunk.ax
                0x0000000000000000        0x4 obj/kernel.o
 .text.__x86.get_pc_thunk.bx
                0x0000000000000000        0x4 obj/kernel.o
 .comment       0x0000000000000000       0x2a obj/kernel.o

Memory Configuration

Name             Origin             Length             Attributes
*default*        0x0000000000000000 0xffffffffffffffff

Linker script and memory map

                0x0000000000100000                . = 0x100000

.text           0x0000000000100000     0x48a3
 *(.multiboot)
 .multiboot     0x0000000000100000        0xc obj/loader.o
 *(.text*)
 .text          0x000000000010000c       0x15 obj/loader.o
                0x000000000010000c                loader
 *fill*         0x0000000000100021        0x1 
 .text          0x0000000000100022      0x292 obj/gdt.o
                0x0000000000100022                GlobalDescriptorTable::GlobalDescriptorTable()
                0x0000000000100022                GlobalDescriptorTable::GlobalDescriptorTable()
                0x00000000001000a8                GlobalDescriptorTable::~GlobalDescriptorTable()
                0x00000000001000a8                GlobalDescriptorTable::~GlobalDescriptorTable()
                0x00000000001000b8                GlobalDescriptorTable::DataSegmentSelector()
                0x00000000001000cc                GlobalDescriptorTable::CodeSegmentSelector()
                0x00000000001000e0                GlobalDescriptorTable::SegmentDescriptor::SegmentDescriptor(unsigned int, unsigned int, unsigned char)
                0x00000000001000e0                GlobalDescriptorTable::SegmentDescriptor::SegmentDescriptor(unsigned int, unsigned int, unsigned char)
                0x00000000001001bc                GlobalDescriptorTable::SegmentDescriptor::Base()
                0x0000000000100232                GlobalDescriptorTable::SegmentDescriptor::Limit()
 .text.__x86.get_pc_thunk.ax
                0x00000000001002b4        0x4 obj/gdt.o
                0x00000000001002b4                __x86.get_pc_thunk.ax
 .text          0x00000000001002b8      0x10f obj/drivers/driver.o
                0x00000000001002b8                myos::drivers::Driver::Driver()
                0x00000000001002b8                myos::drivers::Driver::Driver()
                0x00000000001002d4                myos::drivers::Driver::~Driver()
                0x00000000001002d4                myos::drivers::Driver::~Driver()
                0x00000000001002f0                myos::drivers::Driver::Activate()
                0x0000000000100300                myos::drivers::Driver::Reset()
                0x0000000000100314                myos::drivers::Driver::Deactivate()
                0x0000000000100324                myos::drivers::DriverManager::DriverManager()
                0x0000000000100324                myos::drivers::DriverManager::DriverManager()
                0x0000000000100342                myos::drivers::DriverManager::AddDriver(myos::drivers::Driver*)
                0x000000000010037a                myos::drivers::DriverManager::ActivateAll()
 *fill*         0x00000000001003c7        0x1 
 .text          0x00000000001003c8      0x2fe obj/hardwarecommunication/port.o
                0x00000000001003c8                myos::hardwarecommunication::Port::Port(unsigned short)
                0x00000000001003c8                myos::hardwarecommunication::Port::Port(unsigned short)
                0x00000000001003ec                myos::hardwarecommunication::Port::~Port()
                0x00000000001003ec                myos::hardwarecommunication::Port::~Port()
                0x00000000001003fc                myos::hardwarecommunication::Port8Bit::Port8Bit(unsigned short)
                0x00000000001003fc                myos::hardwarecommunication::Port8Bit::Port8Bit(unsigned short)
                0x0000000000100446                myos::hardwarecommunication::Port8Bit::~Port8Bit()
                0x0000000000100446                myos::hardwarecommunication::Port8Bit::~Port8Bit()
                0x0000000000100470                myos::hardwarecommunication::Port8Bit::Write(unsigned char)
                0x0000000000100496                myos::hardwarecommunication::Port8Bit::Read()
                0x00000000001004ba                myos::hardwarecommunication::Port8BitSlow::Port8BitSlow(unsigned short)
                0x00000000001004ba                myos::hardwarecommunication::Port8BitSlow::Port8BitSlow(unsigned short)
                0x0000000000100500                myos::hardwarecommunication::Port8BitSlow::~Port8BitSlow()
                0x0000000000100500                myos::hardwarecommunication::Port8BitSlow::~Port8BitSlow()
                0x0000000000100528                myos::hardwarecommunication::Port8BitSlow::Write(unsigned char)
                0x0000000000100552                myos::hardwarecommunication::Port16Bit::Port16Bit(unsigned short)
                0x0000000000100552                myos::hardwarecommunication::Port16Bit::Port16Bit(unsigned short)
                0x000000000010059c                myos::hardwarecommunication::Port16Bit::~Port16Bit()
                0x000000000010059c                myos::hardwarecommunication::Port16Bit::~Port16Bit()
                0x00000000001005c6                myos::hardwarecommunication::Port16Bit::Write(unsigned short)
                0x00000000001005ee                myos::hardwarecommunication::Port16Bit::Read()
                0x0000000000100614                myos::hardwarecommunication::Port32Bit::Port32Bit(unsigned short)
                0x0000000000100614                myos::hardwarecommunication::Port32Bit::Port32Bit(unsigned short)
                0x000000000010065e                myos::hardwarecommunication::Port32Bit::~Port32Bit()
                0x000000000010065e                myos::hardwarecommunication::Port32Bit::~Port32Bit()
                0x0000000000100688                myos::hardwarecommunication::Port32Bit::Write(unsigned int)
                0x00000000001006a4                myos::hardwarecommunication::Port32Bit::Read()
 .text.__x86.get_pc_thunk.bx
                0x00000000001006c6        0x4 obj/hardwarecommunication/port.o
                0x00000000001006c6                __x86.get_pc_thunk.bx
 .text          0x00000000001006ca      0x1e8 obj/hardwarecommunication/interruptstubs.o
                0x00000000001006ca                myos::hardwarecommunication::InterruptManager::HandleException0x00()
                0x00000000001006d6                myos::hardwarecommunication::InterruptManager::HandleException0x01()
                0x00000000001006e2                myos::hardwarecommunication::InterruptManager::HandleException0x02()
                0x00000000001006ee                myos::hardwarecommunication::InterruptManager::HandleException0x03()
                0x00000000001006fa                myos::hardwarecommunication::InterruptManager::HandleException0x04()
                0x0000000000100706                myos::hardwarecommunication::InterruptManager::HandleException0x05()
                0x0000000000100712                myos::hardwarecommunication::InterruptManager::HandleException0x06()
                0x000000000010071e                myos::hardwarecommunication::InterruptManager::HandleException0x07()
                0x000000000010072a                myos::hardwarecommunication::InterruptManager::HandleException0x08()
                0x0000000000100736                myos::hardwarecommunication::InterruptManager::HandleException0x09()
                0x0000000000100742                myos::hardwarecommunication::InterruptManager::HandleException0x0A()
                0x000000000010074e                myos::hardwarecommunication::InterruptManager::HandleException0x0B()
                0x000000000010075a                myos::hardwarecommunication::InterruptManager::HandleException0x0C()
                0x0000000000100766                myos::hardwarecommunication::InterruptManager::HandleException0x0D()
                0x0000000000100772                myos::hardwarecommunication::InterruptManager::HandleException0x0E()
                0x000000000010077e                myos::hardwarecommunication::InterruptManager::HandleException0x0F()
                0x000000000010078a                myos::hardwarecommunication::InterruptManager::HandleException0x10()
                0x0000000000100796                myos::hardwarecommunication::InterruptManager::HandleException0x11()
                0x00000000001007a2                myos::hardwarecommunication::InterruptManager::HandleException0x12()
                0x00000000001007ae                myos::hardwarecommunication::InterruptManager::HandleException0x13()
                0x00000000001007ba                myos::hardwarecommunication::InterruptManager::HandleInterruptRequest0x00()
                0x00000000001007c8                myos::hardwarecommunication::InterruptManager::HandleInterruptRequest0x01()
                0x00000000001007d6                myos::hardwarecommunication::InterruptManager::HandleInterruptRequest0x02()
                0x00000000001007e4                myos::hardwarecommunication::InterruptManager::HandleInterruptRequest0x03()
                0x00000000001007f2                myos::hardwarecommunication::InterruptManager::HandleInterruptRequest0x04()
                0x0000000000100800                myos::hardwarecommunication::InterruptManager::HandleInterruptRequest0x05()
                0x000000000010080e                myos::hardwarecommunication::InterruptManager::HandleInterruptRequest0x06()
                0x0000000000100819                myos::hardwarecommunication::InterruptManager::HandleInterruptRequest0x07()
                0x0000000000100824                myos::hardwarecommunication::InterruptManager::HandleInterruptRequest0x08()
                0x000000000010082f                myos::hardwarecommunication::InterruptManager::HandleInterruptRequest0x09()
                0x000000000010083a                myos::hardwarecommunication::InterruptManager::HandleInterruptRequest0x0A()
                0x0000000000100845                myos::hardwarecommunication::InterruptManager::HandleInterruptRequest0x0B()
                0x0000000000100850                myos::hardwarecommunication::InterruptManager::HandleInterruptRequest0x0C()
                0x000000000010085b                myos::hardwarecommunication::InterruptManager::HandleInterruptRequest0x0D()
                0x0000000000100866                myos::hardwarecommunication::InterruptManager::HandleInterruptRequest0x0E()
                0x0000000000100871                myos::hardwarecommunication::InterruptManager::HandleInterruptRequest0x0F()
                0x000000000010087c                myos::hardwarecommunication::InterruptManager::HandleInterruptRequest0x31()
                0x0000000000100887                myos::hardwarecommunication::InterruptManager::HandleInterruptRequest0x80()
                0x00000000001008b1                myos::hardwarecommunication::InterruptManager::InterruptIgnore()
 .text          0x00000000001008b2      0xa6e obj/hardwarecommunication/interrupts.o
                0x00000000001008b2                myos::hardwarecommunication::InterruptHandler::InterruptHandler(unsigned char, myos::hardwarecommunication::InterruptManager*)
                0x00000000001008b2                myos::hardwarecommunication::InterruptHandler::InterruptHandler(unsigned char, myos::hardwarecommunication::InterruptManager*)
                0x00000000001008f6                myos::hardwarecommunication::InterruptHandler::~InterruptHandler()
                0x00000000001008f6                myos::hardwarecommunication::InterruptHandler::~InterruptHandler()
                0x0000000000100940                myos::hardwarecommunication::InterruptHandler::HandleInterrupt(unsigned int)
                0x0000000000100952                myos::hardwarecommunication::InterruptManager::SetInterruptDescriptorTableEntry(unsigned char, unsigned short, void (*)(), unsigned char, unsigned char)
                0x00000000001009ec                myos::hardwarecommunication::InterruptManager::InterruptManager(unsigned short, GlobalDescriptorTable*, myos::TaskManager*)
                0x00000000001009ec                myos::hardwarecommunication::InterruptManager::InterruptManager(unsigned short, GlobalDescriptorTable*, myos::TaskManager*)
                0x00000000001010f6                myos::hardwarecommunication::InterruptManager::~InterruptManager()
                0x00000000001010f6                myos::hardwarecommunication::InterruptManager::~InterruptManager()
                0x000000000010115e                myos::hardwarecommunication::InterruptManager::Activate()
                0x000000000010119c                myos::hardwarecommunication::InterruptManager::Deactivate()
                0x00000000001011c2                myos::hardwarecommunication::InterruptManager::handleInterrupt(unsigned char, unsigned int)
                0x0000000000101204                myos::hardwarecommunication::InterruptManager::DoHandleInterrupt(unsigned char, unsigned int)
 .text          0x0000000000101320      0x218 obj/multitasking.o
                0x0000000000101320                myos::Task::Task(GlobalDescriptorTable*, void (*)())
                0x0000000000101320                myos::Task::Task(GlobalDescriptorTable*, void (*)())
                0x00000000001013f8                myos::Task::~Task()
                0x00000000001013f8                myos::Task::~Task()
                0x0000000000101408                myos::TaskManager::TaskManager()
                0x0000000000101408                myos::TaskManager::TaskManager()
                0x0000000000101432                myos::TaskManager::~TaskManager()
                0x0000000000101432                myos::TaskManager::~TaskManager()
                0x0000000000101442                myos::TaskManager::AddTask(myos::Task*)
                0x000000000010148c                myos::TaskManager::Schedule(myos::CPUState*)
 .text          0x0000000000101538      0x7be obj/hardwarecommunication/pci.o
                0x0000000000101538                myos::hardwarecommunication::PeripheralComponentInterconnectDeviceDescriptor::PeripheralComponentInterconnectDeviceDescriptor()
                0x0000000000101538                myos::hardwarecommunication::PeripheralComponentInterconnectDeviceDescriptor::PeripheralComponentInterconnectDeviceDescriptor()
                0x0000000000101548                myos::hardwarecommunication::PeripheralComponentInterconnectDeviceDescriptor::~PeripheralComponentInterconnectDeviceDescriptor()
                0x0000000000101548                myos::hardwarecommunication::PeripheralComponentInterconnectDeviceDescriptor::~PeripheralComponentInterconnectDeviceDescriptor()
                0x0000000000101558                myos::hardwarecommunication::PeripheralComponentInterconnectController::PeripheralComponentInterconnectController()
                0x0000000000101558                myos::hardwarecommunication::PeripheralComponentInterconnectController::PeripheralComponentInterconnectController()
                0x000000000010159c                myos::hardwarecommunication::PeripheralComponentInterconnectController::~PeripheralComponentInterconnectController()
                0x000000000010159c                myos::hardwarecommunication::PeripheralComponentInterconnectController::~PeripheralComponentInterconnectController()
                0x00000000001015d6                myos::hardwarecommunication::PeripheralComponentInterconnectController::Read(unsigned short, unsigned short, unsigned short, unsigned int)
                0x0000000000101678                myos::hardwarecommunication::PeripheralComponentInterconnectController::Write(unsigned short, unsigned short, unsigned short, unsigned int, unsigned int)
                0x0000000000101708                myos::hardwarecommunication::PeripheralComponentInterconnectController::DeviceHasFunctions(unsigned short, unsigned short)
                0x000000000010174e                myos::hardwarecommunication::PeripheralComponentInterconnectController::SelectDrivers(myos::drivers::DriverManager*, myos::hardwarecommunication::InterruptManager*)
                0x0000000000101a02                myos::hardwarecommunication::PeripheralComponentInterconnectController::GetBaseAddressRegister(unsigned short, unsigned short, unsigned short, unsigned short)
                0x0000000000101af8                myos::hardwarecommunication::PeripheralComponentInterconnectController::GetDriver(myos::hardwarecommunication::PeripheralComponentInterconnectDeviceDescriptor, myos::hardwarecommunication::InterruptManager*)
                0x0000000000101b86                myos::hardwarecommunication::PeripheralComponentInterconnectController::GetDeviceDescriptor(unsigned short, unsigned short, unsigned short)
 .text          0x0000000000101cf6      0x7c9 obj/drivers/keyboard.o
                0x0000000000101cf6                myos::drivers::KeyboardEventHandler::KeyboardEventHandler()
                0x0000000000101cf6                myos::drivers::KeyboardEventHandler::KeyboardEventHandler()
                0x0000000000101d12                myos::drivers::KeyboardEventHandler::OnKeyDown(char)
                0x0000000000101d2c                myos::drivers::KeyboardEventHandler::OnKeyUp(char)
                0x0000000000101d46                myos::drivers::KeyboardDriver::KeyboardDriver(myos::hardwarecommunication::InterruptManager*, myos::drivers::KeyboardEventHandler*)
                0x0000000000101d46                myos::drivers::KeyboardDriver::KeyboardDriver(myos::hardwarecommunication::InterruptManager*, myos::drivers::KeyboardEventHandler*)
                0x0000000000101dcc                myos::drivers::KeyboardDriver::~KeyboardDriver()
                0x0000000000101dcc                myos::drivers::KeyboardDriver::~KeyboardDriver()
                0x0000000000101e40                myos::drivers::KeyboardDriver::Activate()
                0x0000000000101f15                non-virtual thunk to myos::drivers::KeyboardDriver::Activate()
                0x0000000000101f20                myos::drivers::KeyboardDriver::HandleInterrupt(unsigned int)
 *fill*         0x00000000001024bf        0x1 
 .text          0x00000000001024c0      0x405 obj/drivers/mouse.o
                0x00000000001024c0                myos::drivers::MouseEventHandler::MouseEventHandler()
                0x00000000001024c0                myos::drivers::MouseEventHandler::MouseEventHandler()
                0x00000000001024dc                myos::drivers::MouseEventHandler::OnActivate()
                0x00000000001024ec                myos::drivers::MouseEventHandler::OnMouseDown(unsigned char)
                0x0000000000102506                myos::drivers::MouseEventHandler::OnMouseUp(unsigned char)
                0x0000000000102520                myos::drivers::MouseEventHandler::OnMouseMove(int, int)
                0x0000000000102530                myos::drivers::MouseDriver::MouseDriver(myos::hardwarecommunication::InterruptManager*, myos::drivers::MouseEventHandler*)
                0x0000000000102530                myos::drivers::MouseDriver::MouseDriver(myos::hardwarecommunication::InterruptManager*, myos::drivers::MouseEventHandler*)
                0x00000000001025b6                myos::drivers::MouseDriver::~MouseDriver()
                0x00000000001025b6                myos::drivers::MouseDriver::~MouseDriver()
                0x000000000010262a                myos::drivers::MouseDriver::Activate()
                0x00000000001026fe                non-virtual thunk to myos::drivers::MouseDriver::Activate()
                0x0000000000102708                myos::drivers::MouseDriver::HandleInterrupt(unsigned int)
 *fill*         0x00000000001028c5        0x1 
 .text          0x00000000001028c6      0x853 obj/drivers/vga.o
                0x00000000001028c6                myos::drivers::VideoGraphicsArray::VideoGraphicsArray()
                0x00000000001028c6                myos::drivers::VideoGraphicsArray::VideoGraphicsArray()
                0x00000000001029e6                myos::drivers::VideoGraphicsArray::~VideoGraphicsArray()
                0x00000000001029e6                myos::drivers::VideoGraphicsArray::~VideoGraphicsArray()
                0x0000000000102ad0                myos::drivers::VideoGraphicsArray::WriteRegisters(unsigned char*)
                0x0000000000102d28                myos::drivers::VideoGraphicsArray::SupportsMode(unsigned int, unsigned int, unsigned int)
                0x0000000000102d5c                myos::drivers::VideoGraphicsArray::SetMode(unsigned int, unsigned int, unsigned int)
                0x0000000000102ea6                myos::drivers::VideoGraphicsArray::GetFrameBufferSegment()
                0x0000000000102f1c                myos::drivers::VideoGraphicsArray::PutPixel(int, int, unsigned char)
                0x0000000000102f88                myos::drivers::VideoGraphicsArray::GetColorIndex(unsigned char, unsigned char, unsigned char)
                0x000000000010302e                myos::drivers::VideoGraphicsArray::PutPixel(int, int, unsigned char, unsigned char, unsigned char)
                0x0000000000103094                myos::drivers::VideoGraphicsArray::FillRectangle(int, int, int, int, unsigned char, unsigned char, unsigned char)
 *fill*         0x0000000000103119        0x1 
 .text          0x000000000010311a      0x86b obj/gui/widget.o
                0x000000000010311a                myos::gui::Widget::Widget(myos::gui::Widget*, int, int, int, int, unsigned char, unsigned char, unsigned char)
                0x000000000010311a                myos::gui::Widget::Widget(myos::gui::Widget*, int, int, int, int, unsigned char, unsigned char, unsigned char)
                0x00000000001031b0                myos::gui::Widget::~Widget()
                0x00000000001031b0                myos::gui::Widget::~Widget()
                0x00000000001031cc                myos::gui::Widget::GetFocus(myos::gui::Widget*)
                0x0000000000103208                myos::gui::Widget::ModelToScreen(int&, int&)
                0x000000000010326c                myos::gui::Widget::Draw(myos::drivers::VideoGraphicsArray*)
                0x0000000000103306                myos::gui::Widget::OnMouseDown(int, int, unsigned char)
                0x0000000000103342                myos::gui::Widget::ContainsCoordinate(int, int)
                0x000000000010339a                myos::gui::Widget::OnMouseUp(int, int, unsigned char)
                0x00000000001033b4                myos::gui::Widget::OnMouseMove(int, int, int, int)
                0x00000000001033c4                myos::gui::CompositeWidget::CompositeWidget(myos::gui::Widget*, int, int, int, int, unsigned char, unsigned char, unsigned char)
                0x00000000001033c4                myos::gui::CompositeWidget::CompositeWidget(myos::gui::Widget*, int, int, int, int, unsigned char, unsigned char, unsigned char)
                0x0000000000103444                myos::gui::CompositeWidget::~CompositeWidget()
                0x0000000000103444                myos::gui::CompositeWidget::~CompositeWidget()
                0x000000000010346c                myos::gui::CompositeWidget::GetFocus(myos::gui::Widget*)
                0x00000000001034b6                myos::gui::CompositeWidget::AddChild(myos::gui::Widget*)
                0x0000000000103502                myos::gui::CompositeWidget::Draw(myos::drivers::VideoGraphicsArray*)
                0x0000000000103570                myos::gui::CompositeWidget::OnMouseDown(int, int, unsigned char)
                0x0000000000103646                myos::gui::CompositeWidget::OnMouseUp(int, int, unsigned char)
                0x000000000010371c                myos::gui::CompositeWidget::OnMouseMove(int, int, int, int)
                0x00000000001038ea                myos::gui::CompositeWidget::OnKeyDown(char)
                0x0000000000103936                myos::gui::CompositeWidget::OnKeyUp(char)
 *fill*         0x0000000000103985        0x1 
 .text          0x0000000000103986      0x194 obj/gui/window.o
                0x0000000000103986                myos::gui::Window::Window(myos::gui::Widget*, int, int, int, int, unsigned char, unsigned char, unsigned char)
                0x0000000000103986                myos::gui::Window::Window(myos::gui::Widget*, int, int, int, int, unsigned char, unsigned char, unsigned char)
                0x00000000001039f6                myos::gui::Window::~Window()
                0x00000000001039f6                myos::gui::Window::~Window()
                0x0000000000103a2a                myos::gui::Window::OnMouseDown(int, int, unsigned char)
                0x0000000000103a70                myos::gui::Window::OnMouseUp(int, int, unsigned char)
                0x0000000000103ab0                myos::gui::Window::OnMouseMove(int, int, int, int)
 .text          0x0000000000103b1a      0x3da obj/gui/desktop.o
                0x0000000000103b1a                myos::gui::Desktop::Desktop(int, int, unsigned char, unsigned char, unsigned char)
                0x0000000000103b1a                myos::gui::Desktop::Desktop(int, int, unsigned char, unsigned char, unsigned char)
                0x0000000000103bce                myos::gui::Desktop::~Desktop()
                0x0000000000103bce                myos::gui::Desktop::~Desktop()
                0x0000000000103c10                myos::gui::Desktop::Draw(myos::drivers::VideoGraphicsArray*)
                0x0000000000103d56                myos::gui::Desktop::OnMouseDown(unsigned char)
                0x0000000000103d9f                non-virtual thunk to myos::gui::Desktop::OnMouseDown(unsigned char)
                0x0000000000103daa                myos::gui::Desktop::OnMouseUp(unsigned char)
                0x0000000000103df3                non-virtual thunk to myos::gui::Desktop::OnMouseUp(unsigned char)
                0x0000000000103dfe                myos::gui::Desktop::OnMouseMove(int, int)
                0x0000000000103ee7                non-virtual thunk to myos::gui::Desktop::OnMouseMove(int, int)
 .text.__x86.get_pc_thunk.dx
                0x0000000000103ef4        0x4 obj/gui/desktop.o
                0x0000000000103ef4                __x86.get_pc_thunk.dx
 .text          0x0000000000103ef8      0x4cd obj/kernel.o
                0x0000000000103ef8                printf(char*)
                0x00000000001040eb                printfHex(unsigned char)
                0x0000000000104151                taskA()
                0x0000000000104171                taskB()
                0x0000000000104191                callConstructors
                0x00000000001041cb                kernelMain
 *fill*         0x00000000001043c5        0x1 
 .text._ZN25PrintfKeybardEventHandler9OnKeyDownEc
                0x00000000001043c6       0x36 obj/kernel.o
                0x00000000001043c6                PrintfKeybardEventHandler::OnKeyDown(char)
 .text._ZN14MouseToConsoleC2Ev
                0x00000000001043fc       0x82 obj/kernel.o
                0x00000000001043fc                MouseToConsole::MouseToConsole()
                0x00000000001043fc                MouseToConsole::MouseToConsole()
 .text._ZN14MouseToConsole11OnMouseMoveEii
                0x000000000010447e      0x246 obj/kernel.o
                0x000000000010447e                MouseToConsole::OnMouseMove(int, int)
 .text._ZN25PrintfKeybardEventHandlerC2Ev
                0x00000000001046c4       0x32 obj/kernel.o
                0x00000000001046c4                PrintfKeybardEventHandler::PrintfKeybardEventHandler()
                0x00000000001046c4                PrintfKeybardEventHandler::PrintfKeybardEventHandler()
 *(.rodata)
 .rodata        0x00000000001046f6       0x3e obj/hardwarecommunication/pci.o
 .rodata        0x0000000000104734       0xf4 obj/drivers/keyboard.o
 .rodata        0x0000000000104828       0x7b obj/kernel.o

.eh_frame       0x00000000001048a4     0x1190
 .eh_frame      0x00000000001048a4      0x10c obj/gdt.o
 .eh_frame      0x00000000001049b0      0x100 obj/drivers/driver.o
                                        0x12c (size before relaxing)
 .eh_frame      0x0000000000104ab0      0x244 obj/hardwarecommunication/port.o
                                        0x270 (size before relaxing)
 .eh_frame      0x0000000000104cf4      0x15c obj/hardwarecommunication/interrupts.o
                                        0x19c (size before relaxing)
 .eh_frame      0x0000000000104e50       0xc4 obj/multitasking.o
                                         0xf0 (size before relaxing)
 .eh_frame      0x0000000000104f14      0x188 obj/hardwarecommunication/pci.o
                                        0x1c8 (size before relaxing)
 .eh_frame      0x000000000010509c      0x104 obj/drivers/keyboard.o
                                        0x144 (size before relaxing)
 .eh_frame      0x00000000001051a0      0x14c obj/drivers/mouse.o
                                        0x18c (size before relaxing)
 .eh_frame      0x00000000001052ec      0x164 obj/drivers/vga.o
                                        0x1a4 (size before relaxing)
 .eh_frame      0x0000000000105450      0x2a0 obj/gui/widget.o
                                        0x2e0 (size before relaxing)
 .eh_frame      0x00000000001056f0       0xb8 obj/gui/window.o
                                         0xf8 (size before relaxing)
 .eh_frame      0x00000000001057a8      0x134 obj/gui/desktop.o
                                        0x174 (size before relaxing)
 .eh_frame      0x00000000001058dc      0x158 obj/kernel.o
                                        0x198 (size before relaxing)

.iplt           0x0000000000105a38        0x0
 .iplt          0x0000000000105a38        0x0 obj/loader.o

.rel.dyn        0x0000000000105a34        0x0
 .rel.got       0x0000000000105a34        0x0 obj/loader.o
 .rel.iplt      0x0000000000105a34        0x0 obj/loader.o
 .rel.text      0x0000000000105a34        0x0 obj/loader.o
 .rel.data.rel.ro._ZTV14MouseToConsole
                0x0000000000105a34        0x0 obj/loader.o
 .rel.data.rel.ro._ZTV25PrintfKeybardEventHandler
                0x0000000000105a34        0x0 obj/loader.o

.data           0x0000000000105a34        0x8
                0x0000000000105a34                start_ctors = .
 *(.init_array)
 *(SORT_BY_INIT_PRIORITY(.init_array.*))
                0x0000000000105a34                end_ctors = .
 *(.data)
 .data          0x0000000000105a34        0x0 obj/loader.o
 .data          0x0000000000105a34        0x0 obj/gdt.o
 .data          0x0000000000105a34        0x0 obj/drivers/driver.o
 .data          0x0000000000105a34        0x0 obj/hardwarecommunication/port.o
 .data          0x0000000000105a34        0x1 obj/hardwarecommunication/interruptstubs.o
 .data          0x0000000000105a35        0x0 obj/hardwarecommunication/interrupts.o
 .data          0x0000000000105a35        0x0 obj/multitasking.o
 .data          0x0000000000105a35        0x0 obj/hardwarecommunication/pci.o
 .data          0x0000000000105a35        0x0 obj/drivers/keyboard.o
 .data          0x0000000000105a35        0x0 obj/drivers/mouse.o
 .data          0x0000000000105a35        0x0 obj/drivers/vga.o
 .data          0x0000000000105a35        0x0 obj/gui/widget.o
 .data          0x0000000000105a35        0x0 obj/gui/window.o
 .data          0x0000000000105a35        0x0 obj/gui/desktop.o
 *fill*         0x0000000000105a35        0x3 
 .data          0x0000000000105a38        0x4 obj/kernel.o

.got            0x0000000000105a3c        0x0
 .got           0x0000000000105a3c        0x0 obj/loader.o

.got.plt        0x0000000000105a3c        0xc
 .got.plt       0x0000000000105a3c        0xc obj/loader.o
                0x0000000000105a3c                _GLOBAL_OFFSET_TABLE_

.igot.plt       0x0000000000105a48        0x0
 .igot.plt      0x0000000000105a48        0x0 obj/loader.o

.data.rel.ro.local._ZTVN4myos7drivers6DriverE
                0x0000000000105a48       0x14
 .data.rel.ro.local._ZTVN4myos7drivers6DriverE
                0x0000000000105a48       0x14 obj/drivers/driver.o
                0x0000000000105a48                vtable for myos::drivers::Driver

.data.rel.ro.local._ZTVN4myos21hardwarecommunication9Port32BitE
                0x0000000000105a5c       0x10
 .data.rel.ro.local._ZTVN4myos21hardwarecommunication9Port32BitE
                0x0000000000105a5c       0x10 obj/hardwarecommunication/port.o
                0x0000000000105a5c                vtable for myos::hardwarecommunication::Port32Bit

.data.rel.ro.local._ZTVN4myos21hardwarecommunication9Port16BitE
                0x0000000000105a6c       0x10
 .data.rel.ro.local._ZTVN4myos21hardwarecommunication9Port16BitE
                0x0000000000105a6c       0x10 obj/hardwarecommunication/port.o
                0x0000000000105a6c                vtable for myos::hardwarecommunication::Port16Bit

.data.rel.ro.local._ZTVN4myos21hardwarecommunication12Port8BitSlowE
                0x0000000000105a7c       0x10
 .data.rel.ro.local._ZTVN4myos21hardwarecommunication12Port8BitSlowE
                0x0000000000105a7c       0x10 obj/hardwarecommunication/port.o
                0x0000000000105a7c                vtable for myos::hardwarecommunication::Port8BitSlow

.data.rel.ro.local._ZTVN4myos21hardwarecommunication8Port8BitE
                0x0000000000105a8c       0x10
 .data.rel.ro.local._ZTVN4myos21hardwarecommunication8Port8BitE
                0x0000000000105a8c       0x10 obj/hardwarecommunication/port.o
                0x0000000000105a8c                vtable for myos::hardwarecommunication::Port8Bit

.data.rel.ro.local._ZTVN4myos21hardwarecommunication16InterruptHandlerE
                0x0000000000105a9c        0xc
 .data.rel.ro.local._ZTVN4myos21hardwarecommunication16InterruptHandlerE
                0x0000000000105a9c        0xc obj/hardwarecommunication/interrupts.o
                0x0000000000105a9c                vtable for myos::hardwarecommunication::InterruptHandler

.data.rel.ro._ZTVN4myos7drivers14KeyboardDriverE
                0x0000000000105aa8       0x24
 .data.rel.ro._ZTVN4myos7drivers14KeyboardDriverE
                0x0000000000105aa8       0x24 obj/drivers/keyboard.o
                0x0000000000105aa8                vtable for myos::drivers::KeyboardDriver

.data.rel.ro.local._ZTVN4myos7drivers20KeyboardEventHandlerE
                0x0000000000105acc       0x10
 .data.rel.ro.local._ZTVN4myos7drivers20KeyboardEventHandlerE
                0x0000000000105acc       0x10 obj/drivers/keyboard.o
                0x0000000000105acc                vtable for myos::drivers::KeyboardEventHandler

.data.rel.ro._ZTVN4myos7drivers11MouseDriverE
                0x0000000000105adc       0x24
 .data.rel.ro._ZTVN4myos7drivers11MouseDriverE
                0x0000000000105adc       0x24 obj/drivers/mouse.o
                0x0000000000105adc                vtable for myos::drivers::MouseDriver

.data.rel.ro.local._ZTVN4myos7drivers17MouseEventHandlerE
                0x0000000000105b00       0x18
 .data.rel.ro.local._ZTVN4myos7drivers17MouseEventHandlerE
                0x0000000000105b00       0x18 obj/drivers/mouse.o
                0x0000000000105b00                vtable for myos::drivers::MouseEventHandler

.data.rel.ro.local._ZTVN4myos7drivers18VideoGraphicsArrayE
                0x0000000000105b18       0x20
 .data.rel.ro.local._ZTVN4myos7drivers18VideoGraphicsArrayE
                0x0000000000105b18       0x20 obj/drivers/vga.o
                0x0000000000105b18                vtable for myos::drivers::VideoGraphicsArray

.data.rel.ro.local._ZTVN4myos3gui15CompositeWidgetE
                0x0000000000105b38       0x30
 .data.rel.ro.local._ZTVN4myos3gui15CompositeWidgetE
                0x0000000000105b38       0x30 obj/gui/widget.o
                0x0000000000105b38                vtable for myos::gui::CompositeWidget

.data.rel.ro._ZTVN4myos3gui6WidgetE
                0x0000000000105b68       0x2c
 .data.rel.ro._ZTVN4myos3gui6WidgetE
                0x0000000000105b68       0x2c obj/gui/widget.o
                0x0000000000105b68                vtable for myos::gui::Widget

.data.rel.ro._ZTVN4myos3gui6WindowE
                0x0000000000105b94       0x30
 .data.rel.ro._ZTVN4myos3gui6WindowE
                0x0000000000105b94       0x30 obj/gui/window.o
                0x0000000000105b94                vtable for myos::gui::Window

.data.rel.ro._ZTVN4myos3gui7DesktopE
                0x0000000000105bc4       0x54
 .data.rel.ro._ZTVN4myos3gui7DesktopE
                0x0000000000105bc4       0x54 obj/gui/desktop.o
                0x0000000000105bc4                vtable for myos::gui::Desktop

.data._ZZN14MouseToConsole11OnMouseMoveEiiE11VideoMemory
                0x0000000000105c18        0x4
 .data._ZZN14MouseToConsole11OnMouseMoveEiiE11VideoMemory
                0x0000000000105c18        0x4 obj/kernel.o
                0x0000000000105c18                MouseToConsole::OnMouseMove(int, int)::VideoMemory

.data.rel.ro._ZTV14MouseToConsole
                0x0000000000105c1c       0x18
 .data.rel.ro._ZTV14MouseToConsole
                0x0000000000105c1c       0x18 obj/kernel.o
                0x0000000000105c1c                vtable for MouseToConsole

.data.rel.ro._ZTV25PrintfKeybardEventHandler
                0x0000000000105c34       0x10
 .data.rel.ro._ZTV25PrintfKeybardEventHandler
                0x0000000000105c34       0x10 obj/kernel.o
                0x0000000000105c34                vtable for PrintfKeybardEventHandler

.bss            0x0000000000105c60   0x200806
 *(.bss)
 .bss           0x0000000000105c60   0x200000 obj/loader.o
 .bss           0x0000000000305c60        0x0 obj/gdt.o
 .bss           0x0000000000305c60        0x0 obj/drivers/driver.o
 .bss           0x0000000000305c60        0x0 obj/hardwarecommunication/port.o
 .bss           0x0000000000305c60        0x0 obj/hardwarecommunication/interruptstubs.o
 .bss           0x0000000000305c60      0x804 obj/hardwarecommunication/interrupts.o
                0x0000000000305c60                myos::hardwarecommunication::InterruptManager::interruptDescriptorTable
                0x0000000000306460                myos::hardwarecommunication::InterruptManager::ActiveInterruptManager
 .bss           0x0000000000306464        0x0 obj/multitasking.o
 .bss           0x0000000000306464        0x0 obj/hardwarecommunication/pci.o
 .bss           0x0000000000306464        0x0 obj/drivers/keyboard.o
 .bss           0x0000000000306464        0x0 obj/drivers/mouse.o
 .bss           0x0000000000306464        0x0 obj/drivers/vga.o
 .bss           0x0000000000306464        0x0 obj/gui/widget.o
 .bss           0x0000000000306464        0x0 obj/gui/window.o
 .bss           0x0000000000306464        0x0 obj/gui/desktop.o
 .bss           0x0000000000306464        0x2 obj/kernel.o

/DISCARD/
 *(.fini_array*)
 *(.comment)
LOAD obj/loader.o
LOAD obj/gdt.o
LOAD obj/drivers/driver.o
LOAD obj/hardwarecommunication/port.o
LOAD obj/hardwarecommunication/interruptstubs.o
LOAD obj/hardwarecommunication/interrupts.o
LOAD obj/multitasking.o
LOAD obj/hardwarecommunication/pci.o
LOAD obj/drivers/keyboard.o
LOAD obj/drivers/mouse.o
LOAD obj/drivers/vga.o
LOAD obj/gui/widget.o
LOAD obj/gui/window.o
LOAD obj/gui/desktop.o
LOAD obj/kernel.o
OUTPUT(mykernel.bin elf32-i386)

.note.GNU-stack
                0x0000000000000000        0x0
 .note.GNU-stack
                0x0000000000000000        0x0 obj/gdt.o
 .note.GNU-stack
                0x0000000000000000        0x0 obj/drivers/driver.o
 .note.GNU-stack
                0x0000000000000000        0x0 obj/hardwarecommunication/port.o
 .note.GNU-stack
                0x0000000000000000        0x0 obj/hardwarecommunication/interrupts.o
 .note.GNU-stack
                0x0000000000000000        0x0 obj/multitasking.o
 .note.GNU-stack
                0x0000000000000000        0x0 obj/hardwarecommunication/pci.o
 .note.GNU-stack
                0x0000000000000000        0x0 obj/drivers/keyboard.o
 .note.GNU-stack
                0x0000000000000000        0x0 obj/drivers/mouse.o
 .note.GNU-stack
                0x0000000000000000        0x0 obj/drivers/vga.o
 .note.GNU-stack
                0x0000000000000000        0x0 obj/gui/widget.o
 .note.GNU-stack
                0x0000000000000000        0x0 obj/gui/window.o
 .note.GNU-stack
                0x0000000000000000        0x0 obj/gui/desktop.o
 .note.GNU-stack
                0x0000000000000000        0x0 obj/kernel.o
